--- Copying files at Sat Sep 13 15:50:11 UTC 2025
--- Copied files finished at Sat Sep 13 15:50:11 UTC 2025
--- Copying files at Sat Sep 13 16:03:08 UTC 2025
--- Copied files finished at Sat Sep 13 16:03:09 UTC 2025
--- Copying files at Sat Sep 13 16:51:15 UTC 2025
--- Copied files finished at Sat Sep 13 16:51:15 UTC 2025
--- Copying files at Sat Sep 13 17:22:41 UTC 2025
--- Copied files finished at Sat Sep 13 17:22:41 UTC 2025
--- Copying files at Sat Sep 13 17:36:45 UTC 2025
--- Copied files finished at Sat Sep 13 17:36:45 UTC 2025
--- Copying files at Sat Sep 13 18:26:55 UTC 2025
--- Copied files finished at Sat Sep 13 18:26:55 UTC 2025
--- Copying files at Sat Sep 13 18:57:14 UTC 2025
--- Copied files finished at Sat Sep 13 18:57:14 UTC 2025
--- Copying files at Sat Sep 13 19:23:31 UTC 2025
--- Copied files finished at Sat Sep 13 19:23:32 UTC 2025
--- Copying files at Sat Sep 13 19:35:18 UTC 2025
--- Copied files finished at Sat Sep 13 19:35:18 UTC 2025
--- Copying files at Sat Sep 13 19:42:58 UTC 2025
--- Copied files finished at Sat Sep 13 19:42:58 UTC 2025
--- Copying files at Sat Sep 13 19:48:55 UTC 2025
--- Copied files finished at Sat Sep 13 19:48:55 UTC 2025
--- Copying files at Sat Sep 13 20:29:36 UTC 2025
--- Copied files finished at Sat Sep 13 20:29:36 UTC 2025
--- Copying files at Sat Sep 13 22:02:26 UTC 2025
--- Copied files finished at Sat Sep 13 22:02:26 UTC 2025
--- Copying files at Sat Sep 13 22:07:54 UTC 2025
--- Copied files finished at Sat Sep 13 22:07:54 UTC 2025
--- Copying files at Sun Sep 14 08:40:36 UTC 2025
--- Copied files finished at Sun Sep 14 08:40:36 UTC 2025
--- Copying files at Sun Sep 14 10:27:07 UTC 2025
--- Copied files finished at Sun Sep 14 10:27:07 UTC 2025
--- Copying files at Sun Sep 14 10:39:40 UTC 2025
--- Copied files finished at Sun Sep 14 10:39:40 UTC 2025
--- Copying files at Mon Sep 15 18:39:11 UTC 2025
--- Copied files finished at Mon Sep 15 18:39:11 UTC 2025
--- Copying files at Tue Sep 16 17:05:00 UTC 2025
--- Copied files finished at Tue Sep 16 17:05:00 UTC 2025
--- Copying files at Wed Sep 17 17:34:59 UTC 2025
--- Copied files finished at Wed Sep 17 17:34:59 UTC 2025
--- Copying files at Thu Sep 18 15:48:15 UTC 2025
--- Copied files finished at Thu Sep 18 15:48:15 UTC 2025
--- Copying files at Fri Sep 19 07:39:08 UTC 2025
--- Copied files finished at Fri Sep 19 07:39:08 UTC 2025
--- Copying files at Fri Sep 19 15:18:30 UTC 2025
--- Copied files finished at Fri Sep 19 15:18:30 UTC 2025
--- Copying files at Sat Sep 20 18:19:25 UTC 2025
--- Copied files finished at Sat Sep 20 18:19:25 UTC 2025
--- Copying files at Mon Sep 22 11:18:36 UTC 2025
--- Copied files finished at Mon Sep 22 11:18:36 UTC 2025
--- Copying files at Tue Sep 23 16:52:33 UTC 2025
--- Copied files finished at Tue Sep 23 16:52:33 UTC 2025
--- Copying files at Wed Sep 24 18:40:44 UTC 2025
--- Copied files finished at Wed Sep 24 18:40:44 UTC 2025
--- Copying files at Thu Sep 25 18:24:04 UTC 2025
--- Copied files finished at Thu Sep 25 18:24:04 UTC 2025
--- Copying files at Fri Sep 26 17:24:44 UTC 2025
--- Copied files finished at Fri Sep 26 17:24:44 UTC 2025
--- Copying files at Fri Sep 26 19:24:24 UTC 2025
--- Copied files finished at Fri Sep 26 19:24:24 UTC 2025
--- Copying files at Sat Sep 27 12:11:03 UTC 2025
--- Copied files finished at Sat Sep 27 12:11:03 UTC 2025
--- Copying files at Sat Sep 27 19:37:16 UTC 2025
--- Copied files finished at Sat Sep 27 19:37:16 UTC 2025
--- Copying files at Sun Sep 28 07:50:16 UTC 2025
--- Copied files finished at Sun Sep 28 07:50:16 UTC 2025
--- Copying files at Sun Sep 28 09:51:26 UTC 2025
--- Copied files finished at Sun Sep 28 09:51:26 UTC 2025
--- Copying files at Sun Sep 28 17:50:38 UTC 2025
--- Copied files finished at Sun Sep 28 17:50:38 UTC 2025
--- Copying files at Mon Sep 29 07:28:30 UTC 2025
--- Copied files finished at Mon Sep 29 07:28:30 UTC 2025
--- Copying files at Mon Sep 29 07:36:04 UTC 2025
--- Copied files finished at Mon Sep 29 07:36:04 UTC 2025
--- Copying files at Mon Sep 29 07:40:15 UTC 2025
--- Copied files finished at Mon Sep 29 07:40:15 UTC 2025
--- Copying files at Mon Sep 29 07:49:38 UTC 2025
--- Copied files finished at Mon Sep 29 07:49:38 UTC 2025
--- Copying files at Mon Sep 29 11:16:32 UTC 2025
--- Copied files finished at Mon Sep 29 11:16:32 UTC 2025
--- Copying files at Tue Sep 30 07:01:05 UTC 2025
--- Copied files finished at Tue Sep 30 07:01:05 UTC 2025
--- Copying files at Tue Sep 30 11:02:33 UTC 2025
--- Copied files finished at Tue Sep 30 11:02:33 UTC 2025
--- Copying files at Tue Sep 30 17:08:22 UTC 2025
--- Copied files finished at Tue Sep 30 17:08:22 UTC 2025
--- Copying files at Wed Oct  1 17:15:28 UTC 2025
--- Copied files finished at Wed Oct  1 17:15:28 UTC 2025
--- Copying files at Thu Oct  9 18:16:30 UTC 2025
--- Copied files finished at Thu Oct  9 18:16:30 UTC 2025
--- Copying files at Thu Oct  9 18:53:27 UTC 2025
--- Copied files finished at Thu Oct  9 18:53:27 UTC 2025
--- Copying files at Fri Oct 10 07:40:13 UTC 2025
--- Copied files finished at Fri Oct 10 07:40:13 UTC 2025
--- Copying files at Sat Oct 11 09:27:10 UTC 2025
--- Copied files finished at Sat Oct 11 09:27:10 UTC 2025
